// Jest Snapshot v1, https://goo.gl/fbAQLP

exports[`renders HeaderItem correctly 1`] = `
<div
  className="sc-jSFjdj IZTbz"
>
  <h1
    className="sc-dlnjwi iBPsik"
  >
    
  </h1>
</div>
`;
